15:20:43: Namespace(batch_size=128, bench=False, data='cifar10', death='magnitude', death_rate=0.5, decay_frequency=30000, decay_schedule='cosine', density=0.005, disable_drelu_grad=True, end_ghost_epoch=None, epochs=250, fix=False, fp16=False, growth='gradient', iters=1, l1=0.0, l2=0.0001, log_interval=100, lr=0.1, max_threads=10, model='ResNet34', momentum=0.9, multiplier=1, no_cuda=False, optimizer='sgd', redistribution='none', resume=None, save='17258916430059097.pt', save_features=False, seed=41, sparse=True, sparse_init='ERK', start_epoch=1, start_ghost_epoch=None, test_batch_size=100, update_frequency=4000, valid_split=0.1)
15:20:43: 


15:20:43: ================================================================================
15:20:43: 
Iteration start: 1/1

15:20:44: ResNet(
  (conv1): Conv2d(3, 64, kernel_size=(3, 3), stride=(1, 1), padding=(1, 1), bias=False)
  (bn1): BatchNorm2d(64, eps=1e-05, momentum=0.1, affine=True, track_running_stats=True)
  (relu): DyReLUB(
    (fc1): Linear(in_features=64, out_features=16, bias=True)
    (relu): ReLU(inplace=True)
    (fc2): Linear(in_features=16, out_features=256, bias=True)
    (sigmoid): Sigmoid()
  )
  (layer1): ModuleList(
    (0-1): 2 x BasicBlock(
      (conv1): Conv2d(64, 64, kernel_size=(3, 3), stride=(1, 1), padding=(1, 1), bias=False)
      (bn1): BatchNorm2d(64, eps=1e-05, momentum=0.1, affine=True, track_running_stats=True)
      (relu1): DyReLUB(
        (fc1): Linear(in_features=64, out_features=16, bias=True)
        (relu): ReLU(inplace=True)
        (fc2): Linear(in_features=16, out_features=256, bias=True)
        (sigmoid): Sigmoid()
      )
      (conv2): Conv2d(64, 64, kernel_size=(3, 3), stride=(1, 1), padding=(1, 1), bias=False)
      (bn2): BatchNorm2d(64, eps=1e-05, momentum=0.1, affine=True, track_running_stats=True)
      (relu2): DyReLUB(
        (fc1): Linear(in_features=64, out_features=16, bias=True)
        (relu): ReLU(inplace=True)
        (fc2): Linear(in_features=16, out_features=256, bias=True)
        (sigmoid): Sigmoid()
      )
      (shortcut): Sequential()
    )
    (2): BasicBlock_NoPara(
      (bn1): BatchNorm2d(64, eps=1e-05, momentum=0.1, affine=True, track_running_stats=True)
      (bn2): BatchNorm2d(64, eps=1e-05, momentum=0.1, affine=True, track_running_stats=True)
      (shortcut): Sequential()
      (relu1): DyReLUB(
        (fc1): Linear(in_features=64, out_features=16, bias=True)
        (relu): ReLU(inplace=True)
        (fc2): Linear(in_features=16, out_features=256, bias=True)
        (sigmoid): Sigmoid()
      )
      (relu2): DyReLUB(
        (fc1): Linear(in_features=64, out_features=16, bias=True)
        (relu): ReLU(inplace=True)
        (fc2): Linear(in_features=16, out_features=256, bias=True)
        (sigmoid): Sigmoid()
      )
    )
  )
  (layer2): ModuleList(
    (0): BasicBlock(
      (conv1): Conv2d(64, 128, kernel_size=(3, 3), stride=(2, 2), padding=(1, 1), bias=False)
      (bn1): BatchNorm2d(128, eps=1e-05, momentum=0.1, affine=True, track_running_stats=True)
      (relu1): DyReLUB(
        (fc1): Linear(in_features=128, out_features=32, bias=True)
        (relu): ReLU(inplace=True)
        (fc2): Linear(in_features=32, out_features=512, bias=True)
        (sigmoid): Sigmoid()
      )
      (conv2): Conv2d(128, 128, kernel_size=(3, 3), stride=(1, 1), padding=(1, 1), bias=False)
      (bn2): BatchNorm2d(128, eps=1e-05, momentum=0.1, affine=True, track_running_stats=True)
      (relu2): DyReLUB(
        (fc1): Linear(in_features=128, out_features=32, bias=True)
        (relu): ReLU(inplace=True)
        (fc2): Linear(in_features=32, out_features=512, bias=True)
        (sigmoid): Sigmoid()
      )
      (shortcut): Sequential(
        (0): Conv2d(64, 128, kernel_size=(1, 1), stride=(2, 2), bias=False)
        (1): BatchNorm2d(128, eps=1e-05, momentum=0.1, affine=True, track_running_stats=True)
      )
    )
    (1): BasicBlock(
      (conv1): Conv2d(128, 128, kernel_size=(3, 3), stride=(1, 1), padding=(1, 1), bias=False)
      (bn1): BatchNorm2d(128, eps=1e-05, momentum=0.1, affine=True, track_running_stats=True)
      (relu1): DyReLUB(
        (fc1): Linear(in_features=128, out_features=32, bias=True)
        (relu): ReLU(inplace=True)
        (fc2): Linear(in_features=32, out_features=512, bias=True)
        (sigmoid): Sigmoid()
      )
      (conv2): Conv2d(128, 128, kernel_size=(3, 3), stride=(1, 1), padding=(1, 1), bias=False)
      (bn2): BatchNorm2d(128, eps=1e-05, momentum=0.1, affine=True, track_running_stats=True)
      (relu2): DyReLUB(
        (fc1): Linear(in_features=128, out_features=32, bias=True)
        (relu): ReLU(inplace=True)
        (fc2): Linear(in_features=32, out_features=512, bias=True)
        (sigmoid): Sigmoid()
      )
      (shortcut): Sequential()
    )
    (2-3): 2 x BasicBlock_NoPara(
      (bn1): BatchNorm2d(128, eps=1e-05, momentum=0.1, affine=True, track_running_stats=True)
      (bn2): BatchNorm2d(128, eps=1e-05, momentum=0.1, affine=True, track_running_stats=True)
      (shortcut): Sequential()
      (relu1): DyReLUB(
        (fc1): Linear(in_features=128, out_features=32, bias=True)
        (relu): ReLU(inplace=True)
        (fc2): Linear(in_features=32, out_features=512, bias=True)
        (sigmoid): Sigmoid()
      )
      (relu2): DyReLUB(
        (fc1): Linear(in_features=128, out_features=32, bias=True)
        (relu): ReLU(inplace=True)
        (fc2): Linear(in_features=32, out_features=512, bias=True)
        (sigmoid): Sigmoid()
      )
    )
  )
  (layer3): ModuleList(
    (0): BasicBlock(
      (conv1): Conv2d(128, 256, kernel_size=(3, 3), stride=(2, 2), padding=(1, 1), bias=False)
      (bn1): BatchNorm2d(256, eps=1e-05, momentum=0.1, affine=True, track_running_stats=True)
      (relu1): DyReLUB(
        (fc1): Linear(in_features=256, out_features=64, bias=True)
        (relu): ReLU(inplace=True)
        (fc2): Linear(in_features=64, out_features=1024, bias=True)
        (sigmoid): Sigmoid()
      )
      (conv2): Conv2d(256, 256, kernel_size=(3, 3), stride=(1, 1), padding=(1, 1), bias=False)
      (bn2): BatchNorm2d(256, eps=1e-05, momentum=0.1, affine=True, track_running_stats=True)
      (relu2): DyReLUB(
        (fc1): Linear(in_features=256, out_features=64, bias=True)
        (relu): ReLU(inplace=True)
        (fc2): Linear(in_features=64, out_features=1024, bias=True)
        (sigmoid): Sigmoid()
      )
      (shortcut): Sequential(
        (0): Conv2d(128, 256, kernel_size=(1, 1), stride=(2, 2), bias=False)
        (1): BatchNorm2d(256, eps=1e-05, momentum=0.1, affine=True, track_running_stats=True)
      )
    )
    (1): BasicBlock(
      (conv1): Conv2d(256, 256, kernel_size=(3, 3), stride=(1, 1), padding=(1, 1), bias=False)
      (bn1): BatchNorm2d(256, eps=1e-05, momentum=0.1, affine=True, track_running_stats=True)
      (relu1): DyReLUB(
        (fc1): Linear(in_features=256, out_features=64, bias=True)
        (relu): ReLU(inplace=True)
        (fc2): Linear(in_features=64, out_features=1024, bias=True)
        (sigmoid): Sigmoid()
      )
      (conv2): Conv2d(256, 256, kernel_size=(3, 3), stride=(1, 1), padding=(1, 1), bias=False)
      (bn2): BatchNorm2d(256, eps=1e-05, momentum=0.1, affine=True, track_running_stats=True)
      (relu2): DyReLUB(
        (fc1): Linear(in_features=256, out_features=64, bias=True)
        (relu): ReLU(inplace=True)
        (fc2): Linear(in_features=64, out_features=1024, bias=True)
        (sigmoid): Sigmoid()
      )
      (shortcut): Sequential()
    )
    (2-5): 4 x BasicBlock_NoPara(
      (bn1): BatchNorm2d(256, eps=1e-05, momentum=0.1, affine=True, track_running_stats=True)
      (bn2): BatchNorm2d(256, eps=1e-05, momentum=0.1, affine=True, track_running_stats=True)
      (shortcut): Sequential()
      (relu1): DyReLUB(
        (fc1): Linear(in_features=256, out_features=64, bias=True)
        (relu): ReLU(inplace=True)
        (fc2): Linear(in_features=64, out_features=1024, bias=True)
        (sigmoid): Sigmoid()
      )
      (relu2): DyReLUB(
        (fc1): Linear(in_features=256, out_features=64, bias=True)
        (relu): ReLU(inplace=True)
        (fc2): Linear(in_features=64, out_features=1024, bias=True)
        (sigmoid): Sigmoid()
      )
    )
  )
  (layer4): ModuleList(
    (0): BasicBlock(
      (conv1): Conv2d(256, 512, kernel_size=(3, 3), stride=(2, 2), padding=(1, 1), bias=False)
      (bn1): BatchNorm2d(512, eps=1e-05, momentum=0.1, affine=True, track_running_stats=True)
      (relu1): DyReLUB(
        (fc1): Linear(in_features=512, out_features=128, bias=True)
        (relu): ReLU(inplace=True)
        (fc2): Linear(in_features=128, out_features=2048, bias=True)
        (sigmoid): Sigmoid()
      )
      (conv2): Conv2d(512, 512, kernel_size=(3, 3), stride=(1, 1), padding=(1, 1), bias=False)
      (bn2): BatchNorm2d(512, eps=1e-05, momentum=0.1, affine=True, track_running_stats=True)
      (relu2): DyReLUB(
        (fc1): Linear(in_features=512, out_features=128, bias=True)
        (relu): ReLU(inplace=True)
        (fc2): Linear(in_features=128, out_features=2048, bias=True)
        (sigmoid): Sigmoid()
      )
      (shortcut): Sequential(
        (0): Conv2d(256, 512, kernel_size=(1, 1), stride=(2, 2), bias=False)
        (1): BatchNorm2d(512, eps=1e-05, momentum=0.1, affine=True, track_running_stats=True)
      )
    )
    (1): BasicBlock(
      (conv1): Conv2d(512, 512, kernel_size=(3, 3), stride=(1, 1), padding=(1, 1), bias=False)
      (bn1): BatchNorm2d(512, eps=1e-05, momentum=0.1, affine=True, track_running_stats=True)
      (relu1): DyReLUB(
        (fc1): Linear(in_features=512, out_features=128, bias=True)
        (relu): ReLU(inplace=True)
        (fc2): Linear(in_features=128, out_features=2048, bias=True)
        (sigmoid): Sigmoid()
      )
      (conv2): Conv2d(512, 512, kernel_size=(3, 3), stride=(1, 1), padding=(1, 1), bias=False)
      (bn2): BatchNorm2d(512, eps=1e-05, momentum=0.1, affine=True, track_running_stats=True)
      (relu2): DyReLUB(
        (fc1): Linear(in_features=512, out_features=128, bias=True)
        (relu): ReLU(inplace=True)
        (fc2): Linear(in_features=128, out_features=2048, bias=True)
        (sigmoid): Sigmoid()
      )
      (shortcut): Sequential()
    )
    (2): BasicBlock_NoPara(
      (bn1): BatchNorm2d(512, eps=1e-05, momentum=0.1, affine=True, track_running_stats=True)
      (bn2): BatchNorm2d(512, eps=1e-05, momentum=0.1, affine=True, track_running_stats=True)
      (shortcut): Sequential()
      (relu1): DyReLUB(
        (fc1): Linear(in_features=512, out_features=128, bias=True)
        (relu): ReLU(inplace=True)
        (fc2): Linear(in_features=128, out_features=2048, bias=True)
        (sigmoid): Sigmoid()
      )
      (relu2): DyReLUB(
        (fc1): Linear(in_features=512, out_features=128, bias=True)
        (relu): ReLU(inplace=True)
        (fc2): Linear(in_features=128, out_features=2048, bias=True)
        (sigmoid): Sigmoid()
      )
    )
  )
  (classifier): Linear(in_features=512, out_features=100, bias=False)
)
15:20:44: ============================================================
15:20:44: ResNet34
15:20:44: ============================================================
15:20:44: ============================================================
15:20:44: Prune mode: magnitude
15:20:44: Growth mode: gradient
15:20:44: Redistribution mode: none
15:20:44: ============================================================
15:20:45: Train Epoch: 1 [0/45056 (0%)]	Loss: 4.643230 Accuracy: 0/128 (0.000% 
15:21:03: Train Epoch: 1 [12800/45056 (28%)]	Loss: 1.730404 Accuracy: 3261/12928 (25.224% 
15:21:21: Train Epoch: 1 [25600/45056 (57%)]	Loss: 1.644007 Accuracy: 8473/25728 (32.933% 
15:21:39: Train Epoch: 1 [38400/45056 (85%)]	Loss: 1.549542 Accuracy: 14278/38528 (37.059% 
15:21:48: 
Training summary: Average loss: 1.9187, Accuracy: 17297/45000 (38.438%)

15:21:51: 
Evaluation: Average loss: 1.5357, Accuracy: 2312/5000 (46.240%)

15:21:51: Current learning rate: 0.1. Time taken for epoch: 66.88 seconds.

15:21:51: Train Epoch: 2 [0/45056 (0%)]	Loss: 1.670079 Accuracy: 57/128 (44.531% 
15:22:09: Train Epoch: 2 [12800/45056 (28%)]	Loss: 1.285059 Accuracy: 6605/12928 (51.091% 
15:22:27: Train Epoch: 2 [25600/45056 (57%)]	Loss: 1.320508 Accuracy: 13288/25728 (51.648% 
15:22:45: Train Epoch: 2 [38400/45056 (85%)]	Loss: 1.156180 Accuracy: 20181/38528 (52.380% 
15:22:54: 
Training summary: Average loss: 1.3301, Accuracy: 23752/45000 (52.782%)

15:22:56: 
Evaluation: Average loss: 1.2290, Accuracy: 2825/5000 (56.500%)

15:22:56: Current learning rate: 0.1. Time taken for epoch: 65.51 seconds.

15:22:57: Train Epoch: 3 [0/45056 (0%)]	Loss: 1.341223 Accuracy: 65/128 (50.781% 
15:23:14: Train Epoch: 3 [12800/45056 (28%)]	Loss: 1.256842 Accuracy: 7359/12928 (56.923% 
15:23:33: Train Epoch: 3 [25600/45056 (57%)]	Loss: 1.127131 Accuracy: 14759/25728 (57.366% 
15:23:51: Train Epoch: 3 [38400/45056 (85%)]	Loss: 1.016598 Accuracy: 22290/38528 (57.854% 
15:24:00: 
Training summary: Average loss: 1.1885, Accuracy: 26064/45000 (57.920%)

15:24:02: 
Evaluation: Average loss: 1.2299, Accuracy: 2841/5000 (56.820%)

15:24:02: Current learning rate: 0.1. Time taken for epoch: 66.12 seconds.

15:24:03: Train Epoch: 4 [0/45056 (0%)]	Loss: 1.176471 Accuracy: 75/128 (58.594% 
15:24:21: Train Epoch: 4 [12800/45056 (28%)]	Loss: 1.071884 Accuracy: 7831/12928 (60.574% 
15:24:40: Train Epoch: 4 [25600/45056 (57%)]	Loss: 1.075456 Accuracy: 15704/25728 (61.039% 
15:24:58: Train Epoch: 4 [38400/45056 (85%)]	Loss: 1.006843 Accuracy: 23665/38528 (61.423% 
15:25:07: 
Training summary: Average loss: 1.0929, Accuracy: 27651/45000 (61.447%)

15:25:09: 
Evaluation: Average loss: 1.0749, Accuracy: 3114/5000 (62.280%)

15:25:10: Current learning rate: 0.1. Time taken for epoch: 67.21 seconds.

15:25:10: Train Epoch: 5 [0/45056 (0%)]	Loss: 0.939847 Accuracy: 85/128 (66.406% 
15:25:28: Train Epoch: 5 [12800/45056 (28%)]	Loss: 0.967701 Accuracy: 8168/12928 (63.181% 
15:25:46: Train Epoch: 5 [25600/45056 (57%)]	Loss: 1.007810 Accuracy: 16321/25728 (63.437% 
15:26:04: Train Epoch: 5 [38400/45056 (85%)]	Loss: 0.959389 Accuracy: 24405/38528 (63.344% 
15:26:13: 
Training summary: Average loss: 1.0351, Accuracy: 28577/45000 (63.504%)

15:26:15: 
Evaluation: Average loss: 1.0905, Accuracy: 3088/5000 (61.760%)

15:26:15: Current learning rate: 0.1. Time taken for epoch: 65.80 seconds.

15:26:16: Train Epoch: 6 [0/45056 (0%)]	Loss: 1.115579 Accuracy: 72/128 (56.250% 
15:26:34: Train Epoch: 6 [12800/45056 (28%)]	Loss: 0.877674 Accuracy: 8299/12928 (64.194% 
15:26:52: Train Epoch: 6 [25600/45056 (57%)]	Loss: 0.948281 Accuracy: 16594/25728 (64.498% 
15:27:10: Train Epoch: 6 [38400/45056 (85%)]	Loss: 1.057890 Accuracy: 25040/38528 (64.992% 
15:27:19: 
Training summary: Average loss: 0.9881, Accuracy: 29319/45000 (65.153%)

15:27:21: 
Evaluation: Average loss: 1.0389, Accuracy: 3140/5000 (62.800%)

15:27:21: Current learning rate: 0.1. Time taken for epoch: 65.88 seconds.

15:27:22: Train Epoch: 7 [0/45056 (0%)]	Loss: 0.829710 Accuracy: 96/128 (75.000% 
15:27:40: Train Epoch: 7 [12800/45056 (28%)]	Loss: 0.881424 Accuracy: 8486/12928 (65.640% 
15:27:58: Train Epoch: 7 [25600/45056 (57%)]	Loss: 0.786254 Accuracy: 17007/25728 (66.103% 
15:28:16: Train Epoch: 7 [38400/45056 (85%)]	Loss: 0.941740 Accuracy: 25513/38528 (66.219% 
15:28:25: 
Training summary: Average loss: 0.9517, Accuracy: 29832/45000 (66.293%)

15:28:27: 
Evaluation: Average loss: 0.9864, Accuracy: 3245/5000 (64.900%)

15:28:27: Current learning rate: 0.1. Time taken for epoch: 65.91 seconds.

15:28:28: Train Epoch: 8 [0/45056 (0%)]	Loss: 0.976130 Accuracy: 83/128 (64.844% 
15:28:45: Train Epoch: 8 [12800/45056 (28%)]	Loss: 1.008847 Accuracy: 8764/12928 (67.791% 
15:29:03: Train Epoch: 8 [25600/45056 (57%)]	Loss: 1.054698 Accuracy: 17410/25728 (67.669% 
15:29:21: Train Epoch: 8 [38400/45056 (85%)]	Loss: 0.868016 Accuracy: 26044/38528 (67.598% 
15:29:31: 
Training summary: Average loss: 0.9195, Accuracy: 30424/45000 (67.609%)

15:29:33: 
Evaluation: Average loss: 0.9386, Accuracy: 3387/5000 (67.740%)

15:29:33: Current learning rate: 0.1. Time taken for epoch: 65.89 seconds.

15:29:33: Train Epoch: 9 [0/45056 (0%)]	Loss: 0.844662 Accuracy: 91/128 (71.094% 
15:29:51: Train Epoch: 9 [12800/45056 (28%)]	Loss: 0.837746 Accuracy: 8915/12928 (68.959% 
15:30:09: Train Epoch: 9 [25600/45056 (57%)]	Loss: 0.921507 Accuracy: 17682/25728 (68.727% 
15:30:27: Train Epoch: 9 [38400/45056 (85%)]	Loss: 0.921037 Accuracy: 26484/38528 (68.740% 
15:30:36: 
Training summary: Average loss: 0.8919, Accuracy: 30944/45000 (68.764%)

15:30:39: 
Evaluation: Average loss: 0.9779, Accuracy: 3293/5000 (65.860%)

15:30:39: Current learning rate: 0.1. Time taken for epoch: 65.82 seconds.

15:30:39: Train Epoch: 10 [0/45056 (0%)]	Loss: 0.827121 Accuracy: 86/128 (67.188% 
15:30:57: Train Epoch: 10 [12800/45056 (28%)]	Loss: 0.896140 Accuracy: 8904/12928 (68.874% 
15:31:15: Train Epoch: 10 [25600/45056 (57%)]	Loss: 0.969035 Accuracy: 17768/25728 (69.061% 
15:31:33: Train Epoch: 10 [38400/45056 (85%)]	Loss: 0.902484 Accuracy: 26606/38528 (69.056% 
15:31:42: 
Training summary: Average loss: 0.8728, Accuracy: 31160/45000 (69.244%)

15:31:44: 
Evaluation: Average loss: 0.9559, Accuracy: 3337/5000 (66.740%)

15:31:44: Current learning rate: 0.1. Time taken for epoch: 65.60 seconds.

15:31:45: Train Epoch: 11 [0/45056 (0%)]	Loss: 0.886909 Accuracy: 87/128 (67.969% 
15:32:03: Train Epoch: 11 [12800/45056 (28%)]	Loss: 0.884772 Accuracy: 9101/12928 (70.398% 
15:32:21: Train Epoch: 11 [25600/45056 (57%)]	Loss: 0.885524 Accuracy: 18031/25728 (70.083% 
15:32:39: Train Epoch: 11 [38400/45056 (85%)]	Loss: 0.781696 Accuracy: 26954/38528 (69.960% 
15:32:48: 
Training summary: Average loss: 0.8530, Accuracy: 31505/45000 (70.011%)

15:32:50: 
Evaluation: Average loss: 0.9166, Accuracy: 3427/5000 (68.540%)

15:32:50: Current learning rate: 0.1. Time taken for epoch: 65.76 seconds.

15:32:51: Train Epoch: 12 [0/45056 (0%)]	Loss: 0.781932 Accuracy: 93/128 (72.656% 
15:33:09: Train Epoch: 12 [12800/45056 (28%)]	Loss: 0.996505 Accuracy: 9207/12928 (71.218% 
15:33:28: Train Epoch: 12 [25600/45056 (57%)]	Loss: 0.839874 Accuracy: 17588/25728 (68.361% 
15:33:46: Train Epoch: 12 [38400/45056 (85%)]	Loss: 0.859755 Accuracy: 25913/38528 (67.258% 
15:33:55: 
Training summary: Average loss: 0.9361, Accuracy: 30235/45000 (67.189%)

15:33:57: 
Evaluation: Average loss: 1.0636, Accuracy: 3157/5000 (63.140%)

15:33:57: Current learning rate: 0.1. Time taken for epoch: 67.23 seconds.

15:33:58: Train Epoch: 13 [0/45056 (0%)]	Loss: 0.979096 Accuracy: 87/128 (67.969% 
15:34:16: Train Epoch: 13 [12800/45056 (28%)]	Loss: 0.886498 Accuracy: 8706/12928 (67.342% 
15:34:34: Train Epoch: 13 [25600/45056 (57%)]	Loss: 0.948348 Accuracy: 17458/25728 (67.856% 
15:34:52: Train Epoch: 13 [38400/45056 (85%)]	Loss: 0.942055 Accuracy: 26298/38528 (68.257% 
15:35:01: 
Training summary: Average loss: 0.8904, Accuracy: 30791/45000 (68.424%)

15:35:03: 
Evaluation: Average loss: 1.1242, Accuracy: 3074/5000 (61.480%)

15:35:03: Current learning rate: 0.1. Time taken for epoch: 65.82 seconds.

15:35:04: Train Epoch: 14 [0/45056 (0%)]	Loss: 0.948798 Accuracy: 77/128 (60.156% 
15:35:22: Train Epoch: 14 [12800/45056 (28%)]	Loss: 0.881153 Accuracy: 9061/12928 (70.088% 
15:35:40: Train Epoch: 14 [25600/45056 (57%)]	Loss: 0.809266 Accuracy: 18080/25728 (70.274% 
15:35:58: Train Epoch: 14 [38400/45056 (85%)]	Loss: 0.708702 Accuracy: 27146/38528 (70.458% 
15:36:07: 
Training summary: Average loss: 0.8467, Accuracy: 31731/45000 (70.513%)

15:36:09: 
Evaluation: Average loss: 0.9906, Accuracy: 3303/5000 (66.060%)

15:36:09: Current learning rate: 0.1. Time taken for epoch: 65.80 seconds.

15:36:09: Train Epoch: 15 [0/45056 (0%)]	Loss: 0.869386 Accuracy: 93/128 (72.656% 
15:36:27: Train Epoch: 15 [12800/45056 (28%)]	Loss: 0.745394 Accuracy: 9182/12928 (71.024% 
15:36:45: Train Epoch: 15 [25600/45056 (57%)]	Loss: 0.813455 Accuracy: 18399/25728 (71.514% 
15:37:03: Train Epoch: 15 [38400/45056 (85%)]	Loss: 0.745969 Accuracy: 27610/38528 (71.662% 
15:37:13: 
Training summary: Average loss: 0.8030, Accuracy: 32269/45000 (71.709%)

15:37:15: 
Evaluation: Average loss: 0.8093, Accuracy: 3599/5000 (71.980%)

15:37:15: Current learning rate: 0.1. Time taken for epoch: 65.96 seconds.

15:37:15: Train Epoch: 16 [0/45056 (0%)]	Loss: 0.689011 Accuracy: 103/128 (80.469% 
15:37:33: Train Epoch: 16 [12800/45056 (28%)]	Loss: 0.813973 Accuracy: 9512/12928 (73.577% 
15:37:51: Train Epoch: 16 [25600/45056 (57%)]	Loss: 0.685088 Accuracy: 18836/25728 (73.212% 
15:38:09: Train Epoch: 16 [38400/45056 (85%)]	Loss: 0.831448 Accuracy: 28115/38528 (72.973% 
15:38:18: 
Training summary: Average loss: 0.7731, Accuracy: 32890/45000 (73.089%)

15:38:21: 
Evaluation: Average loss: 0.8775, Accuracy: 3506/5000 (70.120%)

15:38:21: Current learning rate: 0.1. Time taken for epoch: 65.88 seconds.

15:38:21: Train Epoch: 17 [0/45056 (0%)]	Loss: 0.880417 Accuracy: 86/128 (67.188% 
15:38:39: Train Epoch: 17 [12800/45056 (28%)]	Loss: 0.719083 Accuracy: 9514/12928 (73.592% 
15:38:57: Train Epoch: 17 [25600/45056 (57%)]	Loss: 0.894236 Accuracy: 18848/25728 (73.259% 
15:39:15: Train Epoch: 17 [38400/45056 (85%)]	Loss: 0.722439 Accuracy: 28307/38528 (73.471% 
15:39:24: 
Training summary: Average loss: 0.7564, Accuracy: 33099/45000 (73.553%)

15:39:27: 
Evaluation: Average loss: 0.8215, Accuracy: 3567/5000 (71.340%)

15:39:27: Current learning rate: 0.1. Time taken for epoch: 65.82 seconds.

15:39:27: Train Epoch: 18 [0/45056 (0%)]	Loss: 0.811064 Accuracy: 90/128 (70.312% 
15:39:45: Train Epoch: 18 [12800/45056 (28%)]	Loss: 0.794555 Accuracy: 9557/12928 (73.925% 
15:40:03: Train Epoch: 18 [25600/45056 (57%)]	Loss: 0.608143 Accuracy: 19111/25728 (74.281% 
15:40:21: Train Epoch: 18 [38400/45056 (85%)]	Loss: 0.529449 Accuracy: 28557/38528 (74.120% 
15:40:30: 
Training summary: Average loss: 0.7429, Accuracy: 33349/45000 (74.109%)

15:40:33: 
Evaluation: Average loss: 0.7466, Accuracy: 3686/5000 (73.720%)

15:40:33: Current learning rate: 0.1. Time taken for epoch: 65.95 seconds.

15:40:33: Train Epoch: 19 [0/45056 (0%)]	Loss: 0.748162 Accuracy: 92/128 (71.875% 
15:40:51: Train Epoch: 19 [12800/45056 (28%)]	Loss: 0.640097 Accuracy: 9723/12928 (75.209% 
15:41:09: Train Epoch: 19 [25600/45056 (57%)]	Loss: 0.698509 Accuracy: 19330/25728 (75.132% 
15:41:27: Train Epoch: 19 [38400/45056 (85%)]	Loss: 0.780890 Accuracy: 28900/38528 (75.010% 
15:41:36: 
Training summary: Average loss: 0.7192, Accuracy: 33729/45000 (74.953%)

15:41:39: 
Evaluation: Average loss: 0.8155, Accuracy: 3636/5000 (72.720%)

15:41:39: Current learning rate: 0.1. Time taken for epoch: 65.81 seconds.

15:41:39: Train Epoch: 20 [0/45056 (0%)]	Loss: 0.712036 Accuracy: 95/128 (74.219% 
15:41:57: Train Epoch: 20 [12800/45056 (28%)]	Loss: 0.628014 Accuracy: 9687/12928 (74.930% 
15:42:15: Train Epoch: 20 [25600/45056 (57%)]	Loss: 0.915974 Accuracy: 19342/25728 (75.179% 
15:42:33: Train Epoch: 20 [38400/45056 (85%)]	Loss: 0.782244 Accuracy: 28935/38528 (75.101% 
15:42:42: 
Training summary: Average loss: 0.7105, Accuracy: 33828/45000 (75.173%)

15:42:44: 
Evaluation: Average loss: 0.7660, Accuracy: 3702/5000 (74.040%)

15:42:44: Current learning rate: 0.1. Time taken for epoch: 65.91 seconds.

15:42:45: Train Epoch: 21 [0/45056 (0%)]	Loss: 0.722156 Accuracy: 97/128 (75.781% 
15:43:03: Train Epoch: 21 [12800/45056 (28%)]	Loss: 0.842941 Accuracy: 9752/12928 (75.433% 
15:43:21: Train Epoch: 21 [25600/45056 (57%)]	Loss: 0.621783 Accuracy: 19430/25728 (75.521% 
15:43:39: Train Epoch: 21 [38400/45056 (85%)]	Loss: 0.617649 Accuracy: 29078/38528 (75.472% 
15:43:48: 
Training summary: Average loss: 0.6995, Accuracy: 33996/45000 (75.547%)

15:43:50: 
Evaluation: Average loss: 0.8544, Accuracy: 3526/5000 (70.520%)

15:43:50: Current learning rate: 0.1. Time taken for epoch: 65.97 seconds.

15:43:51: Train Epoch: 22 [0/45056 (0%)]	Loss: 0.822659 Accuracy: 97/128 (75.781% 
15:44:09: Train Epoch: 22 [12800/45056 (28%)]	Loss: 0.721423 Accuracy: 9823/12928 (75.982% 
15:44:27: Train Epoch: 22 [25600/45056 (57%)]	Loss: 0.721225 Accuracy: 19589/25728 (76.139% 
15:44:44: Train Epoch: 22 [38400/45056 (85%)]	Loss: 0.715103 Accuracy: 29309/38528 (76.072% 
15:44:53: 
Training summary: Average loss: 0.6885, Accuracy: 34250/45000 (76.111%)

15:44:56: 
Evaluation: Average loss: 0.7252, Accuracy: 3751/5000 (75.020%)

15:44:56: Current learning rate: 0.1. Time taken for epoch: 65.62 seconds.

15:44:56: Train Epoch: 23 [0/45056 (0%)]	Loss: 0.808892 Accuracy: 95/128 (74.219% 
15:45:14: Train Epoch: 23 [12800/45056 (28%)]	Loss: 0.818384 Accuracy: 9892/12928 (76.516% 
15:45:32: Train Epoch: 23 [25600/45056 (57%)]	Loss: 0.659698 Accuracy: 19636/25728 (76.322% 
15:45:50: Train Epoch: 23 [38400/45056 (85%)]	Loss: 0.941172 Accuracy: 29059/38528 (75.423% 
15:45:59: 
Training summary: Average loss: 0.7225, Accuracy: 33685/45000 (74.856%)

15:46:02: 
Evaluation: Average loss: 0.9558, Accuracy: 3356/5000 (67.120%)

15:46:02: Current learning rate: 0.1. Time taken for epoch: 65.82 seconds.

15:46:02: Train Epoch: 24 [0/45056 (0%)]	Loss: 0.692978 Accuracy: 96/128 (75.000% 
15:46:20: Train Epoch: 24 [12800/45056 (28%)]	Loss: 0.747793 Accuracy: 9521/12928 (73.646% 
15:46:38: Train Epoch: 24 [25600/45056 (57%)]	Loss: 0.682284 Accuracy: 19049/25728 (74.040% 
15:46:56: Train Epoch: 24 [38400/45056 (85%)]	Loss: 0.702550 Accuracy: 28522/38528 (74.029% 
15:47:05: 
Training summary: Average loss: 0.7507, Accuracy: 33304/45000 (74.009%)

15:47:08: 
Evaluation: Average loss: 0.7819, Accuracy: 3651/5000 (73.020%)

15:47:08: Current learning rate: 0.1. Time taken for epoch: 65.83 seconds.

15:47:08: Train Epoch: 25 [0/45056 (0%)]	Loss: 0.561873 Accuracy: 106/128 (82.812% 
15:47:26: Train Epoch: 25 [12800/45056 (28%)]	Loss: 0.726109 Accuracy: 9745/12928 (75.379% 
15:47:44: Train Epoch: 25 [25600/45056 (57%)]	Loss: 0.627675 Accuracy: 19400/25728 (75.404% 
15:48:02: Train Epoch: 25 [38400/45056 (85%)]	Loss: 0.703776 Accuracy: 29072/38528 (75.457% 
15:48:11: 
Training summary: Average loss: 0.7097, Accuracy: 33978/45000 (75.507%)

15:48:13: 
Evaluation: Average loss: 0.8718, Accuracy: 3544/5000 (70.880%)

15:48:13: Current learning rate: 0.1. Time taken for epoch: 65.80 seconds.

15:48:14: Train Epoch: 26 [0/45056 (0%)]	Loss: 0.583802 Accuracy: 105/128 (82.031% 
15:48:32: Train Epoch: 26 [12800/45056 (28%)]	Loss: 0.616692 Accuracy: 9825/12928 (75.998% 
15:48:50: Train Epoch: 26 [25600/45056 (57%)]	Loss: 0.648136 Accuracy: 19596/25728 (76.166% 
15:49:08: Train Epoch: 26 [38400/45056 (85%)]	Loss: 0.676574 Accuracy: 29343/38528 (76.160% 
15:49:17: 
Training summary: Average loss: 0.6818, Accuracy: 34334/45000 (76.298%)

15:49:19: 
Evaluation: Average loss: 0.7042, Accuracy: 3793/5000 (75.860%)

15:49:19: Current learning rate: 0.1. Time taken for epoch: 65.98 seconds.

15:49:20: Train Epoch: 27 [0/45056 (0%)]	Loss: 0.842937 Accuracy: 98/128 (76.562% 
15:49:38: Train Epoch: 27 [12800/45056 (28%)]	Loss: 0.761244 Accuracy: 10042/12928 (77.676% 
15:49:56: Train Epoch: 27 [25600/45056 (57%)]	Loss: 0.669916 Accuracy: 19850/25728 (77.153% 
15:50:14: Train Epoch: 27 [38400/45056 (85%)]	Loss: 0.731783 Accuracy: 29632/38528 (76.910% 
15:50:23: 
Training summary: Average loss: 0.6661, Accuracy: 34642/45000 (76.982%)

15:50:25: 
Evaluation: Average loss: 0.7073, Accuracy: 3769/5000 (75.380%)

15:50:25: Current learning rate: 0.1. Time taken for epoch: 65.85 seconds.

15:50:26: Train Epoch: 28 [0/45056 (0%)]	Loss: 0.634431 Accuracy: 102/128 (79.688% 
15:50:44: Train Epoch: 28 [12800/45056 (28%)]	Loss: 0.664667 Accuracy: 10013/12928 (77.452% 
15:51:02: Train Epoch: 28 [25600/45056 (57%)]	Loss: 0.568744 Accuracy: 19846/25728 (77.138% 
15:51:20: Train Epoch: 28 [38400/45056 (85%)]	Loss: 0.621092 Accuracy: 29799/38528 (77.344% 
15:51:29: 
Training summary: Average loss: 0.6550, Accuracy: 34845/45000 (77.433%)

15:51:31: 
Evaluation: Average loss: 0.7399, Accuracy: 3708/5000 (74.160%)

15:51:31: Current learning rate: 0.1. Time taken for epoch: 65.89 seconds.

15:51:32: Train Epoch: 29 [0/45056 (0%)]	Loss: 0.615921 Accuracy: 97/128 (75.781% 
15:51:49: Train Epoch: 29 [12800/45056 (28%)]	Loss: 0.589604 Accuracy: 10074/12928 (77.924% 
15:52:07: Train Epoch: 29 [25600/45056 (57%)]	Loss: 0.814826 Accuracy: 20020/25728 (77.814% 
15:52:25: Train Epoch: 29 [38400/45056 (85%)]	Loss: 0.651609 Accuracy: 29963/38528 (77.769% 
15:52:35: 
Training summary: Average loss: 0.6416, Accuracy: 35081/45000 (77.958%)

15:52:37: 
Evaluation: Average loss: 0.6985, Accuracy: 3783/5000 (75.660%)

15:52:37: Current learning rate: 0.1. Time taken for epoch: 65.83 seconds.

15:52:37: Train Epoch: 30 [0/45056 (0%)]	Loss: 0.598606 Accuracy: 103/128 (80.469% 
15:52:55: Train Epoch: 30 [12800/45056 (28%)]	Loss: 0.639448 Accuracy: 10145/12928 (78.473% 
15:53:13: Train Epoch: 30 [25600/45056 (57%)]	Loss: 0.840258 Accuracy: 20171/25728 (78.401% 
15:53:31: Train Epoch: 30 [38400/45056 (85%)]	Loss: 0.725055 Accuracy: 30090/38528 (78.099% 
15:53:40: 
Training summary: Average loss: 0.6287, Accuracy: 35212/45000 (78.249%)

15:53:43: 
Evaluation: Average loss: 0.6619, Accuracy: 3861/5000 (77.220%)

15:53:43: Current learning rate: 0.1. Time taken for epoch: 65.99 seconds.

15:53:43: Train Epoch: 31 [0/45056 (0%)]	Loss: 0.674227 Accuracy: 101/128 (78.906% 
15:54:01: Train Epoch: 31 [12800/45056 (28%)]	Loss: 0.592890 Accuracy: 10116/12928 (78.249% 
15:54:19: Train Epoch: 31 [25600/45056 (57%)]	Loss: 0.669758 Accuracy: 20096/25728 (78.109% 
15:54:37: Train Epoch: 31 [38400/45056 (85%)]	Loss: 0.666080 Accuracy: 30193/38528 (78.366% 
15:54:46: 
Training summary: Average loss: 0.6246, Accuracy: 35282/45000 (78.404%)

15:54:49: 
Evaluation: Average loss: 0.6695, Accuracy: 3868/5000 (77.360%)

15:54:49: Current learning rate: 0.1. Time taken for epoch: 65.97 seconds.

15:54:49: Train Epoch: 32 [0/45056 (0%)]	Loss: 0.603389 Accuracy: 103/128 (80.469% 
15:55:07: Train Epoch: 32 [12800/45056 (28%)]	Loss: 0.581865 Accuracy: 10260/12928 (79.363% 
15:55:25: Train Epoch: 32 [25600/45056 (57%)]	Loss: 0.576699 Accuracy: 20284/25728 (78.840% 
15:55:43: Train Epoch: 32 [38400/45056 (85%)]	Loss: 0.555268 Accuracy: 30337/38528 (78.740% 
15:55:52: 
Training summary: Average loss: 0.6166, Accuracy: 35445/45000 (78.767%)

15:55:55: 
Evaluation: Average loss: 0.7852, Accuracy: 3675/5000 (73.500%)

15:55:55: Current learning rate: 0.1. Time taken for epoch: 65.91 seconds.

15:55:55: Train Epoch: 33 [0/45056 (0%)]	Loss: 0.461832 Accuracy: 111/128 (86.719% 
15:56:13: Train Epoch: 33 [12800/45056 (28%)]	Loss: 0.710962 Accuracy: 10149/12928 (78.504% 
15:56:31: Train Epoch: 33 [25600/45056 (57%)]	Loss: 0.637734 Accuracy: 20294/25728 (78.879% 
15:56:49: Train Epoch: 33 [38400/45056 (85%)]	Loss: 0.626075 Accuracy: 30392/38528 (78.883% 
15:56:58: 
Training summary: Average loss: 0.6166, Accuracy: 35500/45000 (78.889%)

15:57:00: 
Evaluation: Average loss: 0.6881, Accuracy: 3817/5000 (76.340%)

15:57:00: Current learning rate: 0.1. Time taken for epoch: 65.50 seconds.

15:57:01: Train Epoch: 34 [0/45056 (0%)]	Loss: 0.544830 Accuracy: 106/128 (82.812% 
15:57:19: Train Epoch: 34 [12800/45056 (28%)]	Loss: 0.416353 Accuracy: 10202/12928 (78.914% 
15:57:37: Train Epoch: 34 [25600/45056 (57%)]	Loss: 0.646080 Accuracy: 20441/25728 (79.450% 
15:57:54: Train Epoch: 34 [38400/45056 (85%)]	Loss: 0.631255 Accuracy: 30546/38528 (79.283% 
15:58:03: 
Training summary: Average loss: 0.6060, Accuracy: 35647/45000 (79.216%)

15:58:06: 
Evaluation: Average loss: 0.7152, Accuracy: 3765/5000 (75.300%)

15:58:06: Current learning rate: 0.1. Time taken for epoch: 65.51 seconds.

15:58:06: Train Epoch: 35 [0/45056 (0%)]	Loss: 0.553682 Accuracy: 102/128 (79.688% 
15:58:24: Train Epoch: 35 [12800/45056 (28%)]	Loss: 0.750569 Accuracy: 9908/12928 (76.640% 
15:58:42: Train Epoch: 35 [25600/45056 (57%)]	Loss: 0.604774 Accuracy: 19714/25728 (76.625% 
15:59:00: Train Epoch: 35 [38400/45056 (85%)]	Loss: 0.913655 Accuracy: 29565/38528 (76.736% 
15:59:09: 
Training summary: Average loss: 0.6763, Accuracy: 34593/45000 (76.873%)

15:59:11: 
Evaluation: Average loss: 0.8826, Accuracy: 3572/5000 (71.440%)

15:59:11: Current learning rate: 0.1. Time taken for epoch: 65.55 seconds.

15:59:12: Train Epoch: 36 [0/45056 (0%)]	Loss: 0.607043 Accuracy: 98/128 (76.562% 
15:59:30: Train Epoch: 36 [12800/45056 (28%)]	Loss: 0.695781 Accuracy: 10032/12928 (77.599% 
15:59:48: Train Epoch: 36 [25600/45056 (57%)]	Loss: 0.747905 Accuracy: 19941/25728 (77.507% 
16:00:05: Train Epoch: 36 [38400/45056 (85%)]	Loss: 0.544234 Accuracy: 29969/38528 (77.785% 
16:00:15: 
Training summary: Average loss: 0.6407, Accuracy: 35032/45000 (77.849%)

16:00:17: 
Evaluation: Average loss: 0.7034, Accuracy: 3801/5000 (76.020%)

16:00:17: Current learning rate: 0.1. Time taken for epoch: 65.51 seconds.

16:00:17: Train Epoch: 37 [0/45056 (0%)]	Loss: 0.814059 Accuracy: 91/128 (71.094% 
16:00:35: Train Epoch: 37 [12800/45056 (28%)]	Loss: 0.550991 Accuracy: 10182/12928 (78.759% 
16:00:53: Train Epoch: 37 [25600/45056 (57%)]	Loss: 0.770459 Accuracy: 20226/25728 (78.615% 
16:01:11: Train Epoch: 37 [38400/45056 (85%)]	Loss: 0.544229 Accuracy: 30249/38528 (78.512% 
16:01:20: 
Training summary: Average loss: 0.6183, Accuracy: 35455/45000 (78.789%)

16:01:22: 
Evaluation: Average loss: 0.8329, Accuracy: 3600/5000 (72.000%)

16:01:22: Current learning rate: 0.1. Time taken for epoch: 65.52 seconds.

16:01:23: Train Epoch: 38 [0/45056 (0%)]	Loss: 0.493907 Accuracy: 101/128 (78.906% 
16:01:41: Train Epoch: 38 [12800/45056 (28%)]	Loss: 0.539517 Accuracy: 10293/12928 (79.618% 
16:01:59: Train Epoch: 38 [25600/45056 (57%)]	Loss: 0.560510 Accuracy: 20414/25728 (79.345% 
16:02:16: Train Epoch: 38 [38400/45056 (85%)]	Loss: 0.554903 Accuracy: 30567/38528 (79.337% 
16:02:26: 
Training summary: Average loss: 0.6022, Accuracy: 35663/45000 (79.251%)

16:02:28: 
Evaluation: Average loss: 0.6552, Accuracy: 3855/5000 (77.100%)

16:02:28: Current learning rate: 0.1. Time taken for epoch: 65.50 seconds.

16:02:28: Train Epoch: 39 [0/45056 (0%)]	Loss: 0.551850 Accuracy: 106/128 (82.812% 
16:02:46: Train Epoch: 39 [12800/45056 (28%)]	Loss: 0.666263 Accuracy: 10283/12928 (79.541% 
16:03:04: Train Epoch: 39 [25600/45056 (57%)]	Loss: 0.426533 Accuracy: 20510/25728 (79.719% 
16:03:22: Train Epoch: 39 [38400/45056 (85%)]	Loss: 0.553098 Accuracy: 30632/38528 (79.506% 
16:03:31: 
Training summary: Average loss: 0.5914, Accuracy: 35767/45000 (79.482%)

16:03:34: 
Evaluation: Average loss: 0.6648, Accuracy: 3874/5000 (77.480%)

16:03:34: Current learning rate: 0.1. Time taken for epoch: 65.93 seconds.

16:03:34: Train Epoch: 40 [0/45056 (0%)]	Loss: 0.675016 Accuracy: 97/128 (75.781% 
16:03:53: Train Epoch: 40 [12800/45056 (28%)]	Loss: 0.553957 Accuracy: 10277/12928 (79.494% 
16:04:11: Train Epoch: 40 [25600/45056 (57%)]	Loss: 0.563894 Accuracy: 20611/25728 (80.111% 
