21:04:33: Namespace(batch_size=128, bench=False, data='cifar10', death='magnitude', death_rate=0.5, decay_frequency=30000, decay_schedule='cosine', density=0.0005, disable_drelu_grad=True, end_ghost_epoch=None, epochs=250, fix=False, fp16=False, growth='gradient', iters=1, l1=0.0, l2=0.0001, log_interval=100, lr=0.1, max_threads=10, model='ResNet34', momentum=0.9, multiplier=1, no_cuda=False, optimizer='sgd', redistribution='none', resume=None, save='17257394735612943.pt', save_features=False, seed=41, sparse=True, sparse_init='ERK', start_epoch=1, start_ghost_epoch=None, test_batch_size=100, update_frequency=4000, valid_split=0.1)
21:04:33: 


21:04:33: ================================================================================
21:04:33: 
Iteration start: 1/1

21:04:34: ResNet(
  (conv1): Conv2d(3, 64, kernel_size=(3, 3), stride=(1, 1), padding=(1, 1), bias=False)
  (bn1): BatchNorm2d(64, eps=1e-05, momentum=0.1, affine=True, track_running_stats=True)
  (relu): DyReLUB(
    (fc1): Linear(in_features=64, out_features=16, bias=True)
    (relu): ReLU(inplace=True)
    (fc2): Linear(in_features=16, out_features=256, bias=True)
    (sigmoid): Sigmoid()
  )
  (layer1): ModuleList(
    (0-1): 2 x BasicBlock(
      (conv1): Conv2d(64, 64, kernel_size=(3, 3), stride=(1, 1), padding=(1, 1), bias=False)
      (bn1): BatchNorm2d(64, eps=1e-05, momentum=0.1, affine=True, track_running_stats=True)
      (relu1): DyReLUB(
        (fc1): Linear(in_features=64, out_features=16, bias=True)
        (relu): ReLU(inplace=True)
        (fc2): Linear(in_features=16, out_features=256, bias=True)
        (sigmoid): Sigmoid()
      )
      (conv2): Conv2d(64, 64, kernel_size=(3, 3), stride=(1, 1), padding=(1, 1), bias=False)
      (bn2): BatchNorm2d(64, eps=1e-05, momentum=0.1, affine=True, track_running_stats=True)
      (relu2): DyReLUB(
        (fc1): Linear(in_features=64, out_features=16, bias=True)
        (relu): ReLU(inplace=True)
        (fc2): Linear(in_features=16, out_features=256, bias=True)
        (sigmoid): Sigmoid()
      )
      (shortcut): Sequential()
    )
    (2): BasicBlock_NoPara(
      (bn1): BatchNorm2d(64, eps=1e-05, momentum=0.1, affine=True, track_running_stats=True)
      (bn2): BatchNorm2d(64, eps=1e-05, momentum=0.1, affine=True, track_running_stats=True)
      (shortcut): Sequential()
      (relu1): DyReLUB(
        (fc1): Linear(in_features=64, out_features=16, bias=True)
        (relu): ReLU(inplace=True)
        (fc2): Linear(in_features=16, out_features=256, bias=True)
        (sigmoid): Sigmoid()
      )
      (relu2): DyReLUB(
        (fc1): Linear(in_features=64, out_features=16, bias=True)
        (relu): ReLU(inplace=True)
        (fc2): Linear(in_features=16, out_features=256, bias=True)
        (sigmoid): Sigmoid()
      )
    )
  )
  (layer2): ModuleList(
    (0): BasicBlock(
      (conv1): Conv2d(64, 128, kernel_size=(3, 3), stride=(2, 2), padding=(1, 1), bias=False)
      (bn1): BatchNorm2d(128, eps=1e-05, momentum=0.1, affine=True, track_running_stats=True)
      (relu1): DyReLUB(
        (fc1): Linear(in_features=128, out_features=32, bias=True)
        (relu): ReLU(inplace=True)
        (fc2): Linear(in_features=32, out_features=512, bias=True)
        (sigmoid): Sigmoid()
      )
      (conv2): Conv2d(128, 128, kernel_size=(3, 3), stride=(1, 1), padding=(1, 1), bias=False)
      (bn2): BatchNorm2d(128, eps=1e-05, momentum=0.1, affine=True, track_running_stats=True)
      (relu2): DyReLUB(
        (fc1): Linear(in_features=128, out_features=32, bias=True)
        (relu): ReLU(inplace=True)
        (fc2): Linear(in_features=32, out_features=512, bias=True)
        (sigmoid): Sigmoid()
      )
      (shortcut): Sequential(
        (0): Conv2d(64, 128, kernel_size=(1, 1), stride=(2, 2), bias=False)
        (1): BatchNorm2d(128, eps=1e-05, momentum=0.1, affine=True, track_running_stats=True)
      )
    )
    (1): BasicBlock(
      (conv1): Conv2d(128, 128, kernel_size=(3, 3), stride=(1, 1), padding=(1, 1), bias=False)
      (bn1): BatchNorm2d(128, eps=1e-05, momentum=0.1, affine=True, track_running_stats=True)
      (relu1): DyReLUB(
        (fc1): Linear(in_features=128, out_features=32, bias=True)
        (relu): ReLU(inplace=True)
        (fc2): Linear(in_features=32, out_features=512, bias=True)
        (sigmoid): Sigmoid()
      )
      (conv2): Conv2d(128, 128, kernel_size=(3, 3), stride=(1, 1), padding=(1, 1), bias=False)
      (bn2): BatchNorm2d(128, eps=1e-05, momentum=0.1, affine=True, track_running_stats=True)
      (relu2): DyReLUB(
        (fc1): Linear(in_features=128, out_features=32, bias=True)
        (relu): ReLU(inplace=True)
        (fc2): Linear(in_features=32, out_features=512, bias=True)
        (sigmoid): Sigmoid()
      )
      (shortcut): Sequential()
    )
    (2-3): 2 x BasicBlock_NoPara(
      (bn1): BatchNorm2d(128, eps=1e-05, momentum=0.1, affine=True, track_running_stats=True)
      (bn2): BatchNorm2d(128, eps=1e-05, momentum=0.1, affine=True, track_running_stats=True)
      (shortcut): Sequential()
      (relu1): DyReLUB(
        (fc1): Linear(in_features=128, out_features=32, bias=True)
        (relu): ReLU(inplace=True)
        (fc2): Linear(in_features=32, out_features=512, bias=True)
        (sigmoid): Sigmoid()
      )
      (relu2): DyReLUB(
        (fc1): Linear(in_features=128, out_features=32, bias=True)
        (relu): ReLU(inplace=True)
        (fc2): Linear(in_features=32, out_features=512, bias=True)
        (sigmoid): Sigmoid()
      )
    )
  )
  (layer3): ModuleList(
    (0): BasicBlock(
      (conv1): Conv2d(128, 256, kernel_size=(3, 3), stride=(2, 2), padding=(1, 1), bias=False)
      (bn1): BatchNorm2d(256, eps=1e-05, momentum=0.1, affine=True, track_running_stats=True)
      (relu1): DyReLUB(
        (fc1): Linear(in_features=256, out_features=64, bias=True)
        (relu): ReLU(inplace=True)
        (fc2): Linear(in_features=64, out_features=1024, bias=True)
        (sigmoid): Sigmoid()
      )
      (conv2): Conv2d(256, 256, kernel_size=(3, 3), stride=(1, 1), padding=(1, 1), bias=False)
      (bn2): BatchNorm2d(256, eps=1e-05, momentum=0.1, affine=True, track_running_stats=True)
      (relu2): DyReLUB(
        (fc1): Linear(in_features=256, out_features=64, bias=True)
        (relu): ReLU(inplace=True)
        (fc2): Linear(in_features=64, out_features=1024, bias=True)
        (sigmoid): Sigmoid()
      )
      (shortcut): Sequential(
        (0): Conv2d(128, 256, kernel_size=(1, 1), stride=(2, 2), bias=False)
        (1): BatchNorm2d(256, eps=1e-05, momentum=0.1, affine=True, track_running_stats=True)
      )
    )
    (1): BasicBlock(
      (conv1): Conv2d(256, 256, kernel_size=(3, 3), stride=(1, 1), padding=(1, 1), bias=False)
      (bn1): BatchNorm2d(256, eps=1e-05, momentum=0.1, affine=True, track_running_stats=True)
      (relu1): DyReLUB(
        (fc1): Linear(in_features=256, out_features=64, bias=True)
        (relu): ReLU(inplace=True)
        (fc2): Linear(in_features=64, out_features=1024, bias=True)
        (sigmoid): Sigmoid()
      )
      (conv2): Conv2d(256, 256, kernel_size=(3, 3), stride=(1, 1), padding=(1, 1), bias=False)
      (bn2): BatchNorm2d(256, eps=1e-05, momentum=0.1, affine=True, track_running_stats=True)
      (relu2): DyReLUB(
        (fc1): Linear(in_features=256, out_features=64, bias=True)
        (relu): ReLU(inplace=True)
        (fc2): Linear(in_features=64, out_features=1024, bias=True)
        (sigmoid): Sigmoid()
      )
      (shortcut): Sequential()
    )
    (2-5): 4 x BasicBlock_NoPara(
      (bn1): BatchNorm2d(256, eps=1e-05, momentum=0.1, affine=True, track_running_stats=True)
      (bn2): BatchNorm2d(256, eps=1e-05, momentum=0.1, affine=True, track_running_stats=True)
      (shortcut): Sequential()
      (relu1): DyReLUB(
        (fc1): Linear(in_features=256, out_features=64, bias=True)
        (relu): ReLU(inplace=True)
        (fc2): Linear(in_features=64, out_features=1024, bias=True)
        (sigmoid): Sigmoid()
      )
      (relu2): DyReLUB(
        (fc1): Linear(in_features=256, out_features=64, bias=True)
        (relu): ReLU(inplace=True)
        (fc2): Linear(in_features=64, out_features=1024, bias=True)
        (sigmoid): Sigmoid()
      )
    )
  )
  (layer4): ModuleList(
    (0): BasicBlock(
      (conv1): Conv2d(256, 512, kernel_size=(3, 3), stride=(2, 2), padding=(1, 1), bias=False)
      (bn1): BatchNorm2d(512, eps=1e-05, momentum=0.1, affine=True, track_running_stats=True)
      (relu1): DyReLUB(
        (fc1): Linear(in_features=512, out_features=128, bias=True)
        (relu): ReLU(inplace=True)
        (fc2): Linear(in_features=128, out_features=2048, bias=True)
        (sigmoid): Sigmoid()
      )
      (conv2): Conv2d(512, 512, kernel_size=(3, 3), stride=(1, 1), padding=(1, 1), bias=False)
      (bn2): BatchNorm2d(512, eps=1e-05, momentum=0.1, affine=True, track_running_stats=True)
      (relu2): DyReLUB(
        (fc1): Linear(in_features=512, out_features=128, bias=True)
        (relu): ReLU(inplace=True)
        (fc2): Linear(in_features=128, out_features=2048, bias=True)
        (sigmoid): Sigmoid()
      )
      (shortcut): Sequential(
        (0): Conv2d(256, 512, kernel_size=(1, 1), stride=(2, 2), bias=False)
        (1): BatchNorm2d(512, eps=1e-05, momentum=0.1, affine=True, track_running_stats=True)
      )
    )
    (1): BasicBlock(
      (conv1): Conv2d(512, 512, kernel_size=(3, 3), stride=(1, 1), padding=(1, 1), bias=False)
      (bn1): BatchNorm2d(512, eps=1e-05, momentum=0.1, affine=True, track_running_stats=True)
      (relu1): DyReLUB(
        (fc1): Linear(in_features=512, out_features=128, bias=True)
        (relu): ReLU(inplace=True)
        (fc2): Linear(in_features=128, out_features=2048, bias=True)
        (sigmoid): Sigmoid()
      )
      (conv2): Conv2d(512, 512, kernel_size=(3, 3), stride=(1, 1), padding=(1, 1), bias=False)
      (bn2): BatchNorm2d(512, eps=1e-05, momentum=0.1, affine=True, track_running_stats=True)
      (relu2): DyReLUB(
        (fc1): Linear(in_features=512, out_features=128, bias=True)
        (relu): ReLU(inplace=True)
        (fc2): Linear(in_features=128, out_features=2048, bias=True)
        (sigmoid): Sigmoid()
      )
      (shortcut): Sequential()
    )
    (2): BasicBlock_NoPara(
      (bn1): BatchNorm2d(512, eps=1e-05, momentum=0.1, affine=True, track_running_stats=True)
      (bn2): BatchNorm2d(512, eps=1e-05, momentum=0.1, affine=True, track_running_stats=True)
      (shortcut): Sequential()
      (relu1): DyReLUB(
        (fc1): Linear(in_features=512, out_features=128, bias=True)
        (relu): ReLU(inplace=True)
        (fc2): Linear(in_features=128, out_features=2048, bias=True)
        (sigmoid): Sigmoid()
      )
      (relu2): DyReLUB(
        (fc1): Linear(in_features=512, out_features=128, bias=True)
        (relu): ReLU(inplace=True)
        (fc2): Linear(in_features=128, out_features=2048, bias=True)
        (sigmoid): Sigmoid()
      )
    )
  )
  (classifier): Linear(in_features=512, out_features=10, bias=False)
)
21:04:34: ============================================================
21:04:34: ResNet34
21:04:34: ============================================================
21:04:34: ============================================================
21:04:34: Prune mode: magnitude
21:04:34: Growth mode: gradient
21:04:34: Redistribution mode: none
21:04:34: ============================================================
21:04:36: Train Epoch: 1 [0/45056 (0%)]	Loss: 0.018621 Accuracy: 12/128 (9.375% 
21:04:53: Train Epoch: 1 [12800/45056 (28%)]	Loss: nan Accuracy: 1391/12928 (10.760% 
21:05:11: Train Epoch: 1 [25600/45056 (57%)]	Loss: nan Accuracy: 2722/25728 (10.580% 
21:05:29: Train Epoch: 1 [38400/45056 (85%)]	Loss: nan Accuracy: 3985/38528 (10.343% 
21:05:39: 
Training summary: Average loss: nan, Accuracy: 4609/45000 (10.242%)

21:05:41: 
Evaluation: Average loss: nan, Accuracy: 493/5000 (9.860%)

21:05:41: Current learning rate: 0.1. Time taken for epoch: 67.25 seconds.

21:05:42: Train Epoch: 2 [0/45056 (0%)]	Loss: nan Accuracy: 18/128 (14.062% 
21:06:00: Train Epoch: 2 [12800/45056 (28%)]	Loss: nan Accuracy: 1314/12928 (10.164% 
21:06:17: Train Epoch: 2 [25600/45056 (57%)]	Loss: nan Accuracy: 2592/25728 (10.075% 
21:06:35: Train Epoch: 2 [38400/45056 (85%)]	Loss: nan Accuracy: 3867/38528 (10.037% 
21:06:44: 
Training summary: Average loss: nan, Accuracy: 4507/45000 (10.016%)

21:06:47: 
Evaluation: Average loss: nan, Accuracy: 493/5000 (9.860%)

21:06:47: Current learning rate: 0.1. Time taken for epoch: 65.07 seconds.

21:06:47: Train Epoch: 3 [0/45056 (0%)]	Loss: nan Accuracy: 13/128 (10.156% 
21:07:07: Train Epoch: 3 [12800/45056 (28%)]	Loss: nan Accuracy: 1249/12928 (9.661% 
21:07:26: Train Epoch: 3 [25600/45056 (57%)]	Loss: nan Accuracy: 2572/25728 (9.997% 
21:07:44: Train Epoch: 3 [38400/45056 (85%)]	Loss: nan Accuracy: 3856/38528 (10.008% 
21:07:53: 
Training summary: Average loss: nan, Accuracy: 4507/45000 (10.016%)

21:07:55: 
Evaluation: Average loss: nan, Accuracy: 493/5000 (9.860%)

21:07:55: Current learning rate: 0.1. Time taken for epoch: 68.75 seconds.

21:07:56: Train Epoch: 4 [0/45056 (0%)]	Loss: nan Accuracy: 13/128 (10.156% 
21:08:14: Train Epoch: 4 [12800/45056 (28%)]	Loss: nan Accuracy: 1319/12928 (10.203% 
